// Jest Snapshot v1, https://goo.gl/fbAQLP

exports[`ReservationList Component renders correctly 1`] = `
<div
  className="flex flex-col gap-6 p-4 items-center w-full"
>
  <h1
    className="font-bold text-2xl mb-8"
  >
    My Reservatons
  </h1>
  <div
    className="flex gap-3 border w-full  md:w-3/4 p-4 items-center justify-between shadow-xl rounded-xl"
  >
    <h2
      className="font-bold"
    >
      Bike1
    </h2>
    <p>
      City1
    </p>
    <p>
      2023-12-31
    </p>
  </div>
  <div
    className="flex gap-3 border w-full  md:w-3/4 p-4 items-center justify-between shadow-xl rounded-xl"
  >
    <h2
      className="font-bold"
    >
      Bike2
    </h2>
    <p>
      City2
    </p>
    <p>
      2023-12-30
    </p>
  </div>
</div>
`;
